node_modules/csstype/index.d.ts(15130,5): error TS1010: '*/' expected.
