src/app/library/page.tsx(225,25): error TS2322: Type 'unknown' is not assignable to type 'ReactNode'.
src/app/page.tsx(339,18): error TS2719: Type 'Tab' is not assignable to type 'Tab'. Two different types with this name exist, but they are unrelated.
  Type '"novel-to-script"' is not assignable to type 'Tab'.
src/app/page.tsx(346,34): error TS2304: Cannot find name 'renderCreateTab'.
src/app/page.tsx(347,121): error TS2769: No overload matches this call.
  Overload 1 of 2, '(props: {}, context?: any): string | number | bigint | boolean | ReactElement<unknown, string | JSXElementConstructor<any>> | Iterable<ReactNode> | Promise<...> | Component<...> | null | undefined', gave the following error.
    Type '{ styles: unknown[] & NarrationStyle[]; }' is not assignable to type 'IntrinsicAttributes'.
      Property 'styles' does not exist on type 'IntrinsicAttributes'.
  Overload 2 of 2, '(props: {}): string | number | bigint | boolean | ReactElement<unknown, string | JSXElementConstructor<any>> | Iterable<ReactNode> | Promise<...> | Component<...> | null | undefined', gave the following error.
    Type '{ styles: unknown[] & NarrationStyle[]; }' is not assignable to type 'IntrinsicAttributes'.
      Property 'styles' does not exist on type 'IntrinsicAttributes'.
src/app/page.tsx(350,164): error TS2769: No overload matches this call.
  Overload 1 of 2, '(props: {}, context?: any): string | number | bigint | boolean | ReactElement<unknown, string | JSXElementConstructor<any>> | Iterable<ReactNode> | Promise<...> | Component<...> | null | undefined', gave the following error.
    Type '{ initialSubtitle: string; }' is not assignable to type 'IntrinsicAttributes'.
      Property 'initialSubtitle' does not exist on type 'IntrinsicAttributes'.
  Overload 2 of 2, '(props: {}): string | number | bigint | boolean | ReactElement<unknown, string | JSXElementConstructor<any>> | Iterable<ReactNode> | Promise<...> | Component<...> | null | undefined', gave the following error.
    Type '{ initialSubtitle: string; }' is not assignable to type 'IntrinsicAttributes'.
      Property 'initialSubtitle' does not exist on type 'IntrinsicAttributes'.
src/app/page.tsx(352,151): error TS2769: No overload matches this call.
  Overload 1 of 2, '(props: {}, context?: any): string | number | bigint | boolean | ReactElement<unknown, string | JSXElementConstructor<any>> | Iterable<ReactNode> | Promise<...> | Component<...> | null | undefined', gave the following error.
    Type '{ initialScript: string; }' is not assignable to type 'IntrinsicAttributes'.
      Property 'initialScript' does not exist on type 'IntrinsicAttributes'.
  Overload 2 of 2, '(props: {}): string | number | bigint | boolean | ReactElement<unknown, string | JSXElementConstructor<any>> | Iterable<ReactNode> | Promise<...> | Component<...> | null | undefined', gave the following error.
    Type '{ initialScript: string; }' is not assignable to type 'IntrinsicAttributes'.
      Property 'initialScript' does not exist on type 'IntrinsicAttributes'.
src/app/page.tsx(388,138): error TS2769: No overload matches this call.
  Overload 1 of 2, '(props: {}, context?: any): string | number | bigint | boolean | ReactElement<unknown, string | JSXElementConstructor<any>> | Iterable<ReactNode> | Promise<...> | Component<...> | null | undefined', gave the following error.
    Type '{ onUseTemplate: () => void; }' is not assignable to type 'IntrinsicAttributes'.
      Property 'onUseTemplate' does not exist on type 'IntrinsicAttributes'.
  Overload 2 of 2, '(props: {}): string | number | bigint | boolean | ReactElement<unknown, string | JSXElementConstructor<any>> | Iterable<ReactNode> | Promise<...> | Component<...> | null | undefined', gave the following error.
    Type '{ onUseTemplate: () => void; }' is not assignable to type 'IntrinsicAttributes'.
      Property 'onUseTemplate' does not exist on type 'IntrinsicAttributes'.
src/components/SmartCutPanel.tsx(311,41): error TS7006: Parameter 'e' implicitly has an 'any' type.
src/components/SmartCutPanel.tsx(312,23): error TS7006: Parameter 'e' implicitly has an 'any' type.
src/components/SmartCutPanel.tsx(318,24): error TS7006: Parameter 'id' implicitly has an 'any' type.
src/components/SmartCutPanel.tsx(318,28): error TS7006: Parameter 'start' implicitly has an 'any' type.
src/components/SmartCutPanel.tsx(318,35): error TS7006: Parameter 'end' implicitly has an 'any' type.
src/components/SmartCutPanel.tsx(365,20): error TS7006: Parameter 'sfxFilename' implicitly has an 'any' type.
src/components/SmartCutPanel.tsx(365,33): error TS7006: Parameter 'time' implicitly has an 'any' type.
src/components/SmartCutPanel.tsx(366,23): error TS7006: Parameter 'id' implicitly has an 'any' type.
src/components/SmartCutPanel.tsx(367,27): error TS7006: Parameter 'id' implicitly has an 'any' type.
src/components/SmartCutPanel.tsx(367,31): error TS7006: Parameter 'time' implicitly has an 'any' type.
src/components/SmartCutPanel.tsx(368,29): error TS7006: Parameter 'file' implicitly has an 'any' type.
src/components/VideoWrapperPanel.tsx(333,15): error TS2322: Type 'unknown' is not assignable to type 'Record<string, unknown>'.
src/lib/auto-update.ts(21,21): error TS2367: This comparison appears to be unintentional because the types '"2.1.0"' and '"2.0.0"' have no overlap.
